DXGI observation hooks active; neural rendering unavailable
QUEUE_CANDIDATE swap=0x21534ec4b60 candidate=0x1f4116e4ef0 source=CreateSwapChainForHwnd depth=1 accepted=1 ambiguous=0 execute_module=c:\program files (x86)\steam\steamapps\common\Cyberpunk 2077\bin\x64\D3D12\D3D12Core.dll
FRAME_METADATA swap=0x21534ec4b60 queue=0x1f4116e4ef0 device=0x1f411323b60 width=2560 height=1440 format=24 buffers=3 queue_type=0 valid_buffer=1
QUEUE_CANDIDATE swap=0x21534ec9bb0 candidate=0x21536131fb0 source=CreateSwapChainForHwnd depth=1 accepted=1 ambiguous=0 execute_module=c:\program files (x86)\steam\steamapps\common\Cyberpunk 2077\bin\x64\D3D12\D3D12Core.dll
FRAME_METADATA swap=0x21534ec9bb0 queue=0x21536131fb0 device=0x1f411323b60 width=2560 height=1440 format=24 buffers=3 queue_type=0 valid_buffer=1
PROBE hook ffxFsr3UpscalerContextDispatch status=0
PROBE hook ffxDispatch status=0
Observed Present; forwarding unchanged
PROBE ffxFsr3UpscalerContextDispatch call #1 ctx=00000208216503EC desc=000000C4988FE860
PROBE fsr3 +0x000 0x000002170a249200  u32(170168832,535) f32(7.92377e-33,0)
PROBE fsr3 +0x008 0x000002170a013420  u32(167851040,535) f32(6.22093e-33,0)  <= D3D12 resource dim=3 1707x960 mips=1 fmt=10 flags=0x5
PROBE fsr3 +0x010 0x0000000400000002  u32(2,4) f32(0,0)
PROBE fsr3 +0x018 0x000003c0000006ab  u32(1707,960) f32(0,0)
PROBE fsr3 +0x020 0x0000000100000001  u32(1,1) f32(0,0)
PROBE fsr3 +0x028 0x0000000300000000  u32(0,3) f32(0,0)
PROBE fsr3 +0x030 0x000000000000000c  u32(12,0) f32(0,0)
PROBE fsr3 +0x038 0x0000000000000000  u32(0,0) f32(0,0)
PROBE fsr3 +0x040 0x0000000000000000  u32(0,0) f32(0,0)
PROBE fsr3 +0x048 0x0000000000000000  u32(0,0) f32(0,0)
PROBE fsr3 +0x050 0x0000000000000000  u32(0,0) f32(0,0)
PROBE fsr3 +0x058 0x0000000000000000  u32(0,0) f32(0,0)
PROBE fsr3 +0x060 0x0000000000000000  u32(0,0) f32(0,0)
PROBE fsr3 +0x068 0x0000000000000000  u32(0,0) f32(0,0)
PROBE fsr3 +0x070 0x0000000000000000  u32(0,0) f32(0,0)
PROBE fsr3 +0x078 0x0000000000000000  u32(0,0) f32(0,0)
PROBE fsr3 +0x080 0x0000000000000000  u32(0,0) f32(0,0)
PROBE fsr3 +0x088 0x0000000000000000  u32(0,0) f32(0,0)
PROBE fsr3 +0x090 0x0000000000000000  u32(0,0) f32(0,0)
PROBE fsr3 +0x098 0x0000000000000000  u32(0,0) f32(0,0)
PROBE fsr3 +0x0a0 0x0000000000000000  u32(0,0) f32(0,0)
PROBE fsr3 +0x0a8 0x0000000000000000  u32(0,0) f32(0,0)
PROBE fsr3 +0x0b0 0x0000000000000000  u32(0,0) f32(0,0)
PROBE fsr3 +0x0b8 0x000002170a0418f0  u32(168040688,535) f32(6.36026e-33,0)  <= D3D12 resource dim=3 1707x960 mips=1 fmt=19 flags=0x2
PROBE fsr3 +0x0c0 0x0000001800000002  u32(2,24) f32(0,0)
PROBE fsr3 +0x0c8 0x000003c0000006ab  u32(1707,960) f32(0,0)
PROBE fsr3 +0x0d0 0x0000000100000001  u32(1,1) f32(0,0)
PROBE fsr3 +0x0d8 0x0000000400000000  u32(0,4) f32(0,0)
PROBE fsr3 +0x0e0 0x000000000000000c  u32(12,0) f32(0,0)
PROBE fsr3 +0x0e8 0x0000000000000000  u32(0,0) f32(0,0)
PROBE fsr3 +0x0f0 0x0000000000000000  u32(0,0) f32(0,0)
PROBE fsr3 +0x0f8 0x0000000000000000  u32(0,0) f32(0,0)
PROBE fsr3 +0x100 0x0000000000000000  u32(0,0) f32(0,0)
PROBE fsr3 +0x108 0x0000000000000000  u32(0,0) f32(0,0)
PROBE fsr3 +0x110 0x0000000000000000  u32(0,0) f32(0,0)
PROBE fsr3 +0x118 0x0000000000000000  u32(0,0) f32(0,0)
PROBE fsr3 +0x120 0x0000000000000000  u32(0,0) f32(0,0)
PROBE fsr3 +0x128 0x0000000000000000  u32(0,0) f32(0,0)
PROBE fsr3 +0x130 0x0000000000000000  u32(0,0) f32(0,0)
PROBE fsr3 +0x138 0x0000000000000000  u32(0,0) f32(0,0)
PROBE fsr3 +0x140 0x0000000000000000  u32(0,0) f32(0,0)
PROBE fsr3 +0x148 0x0000000000000000  u32(0,0) f32(0,0)
PROBE fsr3 +0x150 0x0000000000000000  u32(0,0) f32(0,0)
PROBE fsr3 +0x158 0x0000000000000000  u32(0,0) f32(0,0)
PROBE fsr3 +0x160 0x0000000000000000  u32(0,0) f32(0,0)
PROBE fsr3 +0x168 0x000002170a01afa0  u32(167882656,535) f32(6.24416e-33,0)  <= D3D12 resource dim=3 1707x960 mips=1 fmt=10 flags=0x1
PROBE fsr3 +0x170 0x0000000400000002  u32(2,4) f32(0,0)
PROBE fsr3 +0x178 0x000003c0000006ab  u32(1707,960) f32(0,0)
PROBE fsr3 +0x180 0x0000000100000001  u32(1,1) f32(0,0)
PROBE fsr3 +0x188 0x0000000100000000  u32(0,1) f32(0,0)
PROBE fsr3 +0x190 0x000000000000000c  u32(12,0) f32(0,0)
PROBE fsr3 +0x198 0x0000000000000000  u32(0,0) f32(0,0)
PROBE fsr3 +0x1a0 0x0000000000000000  u32(0,0) f32(0,0)
PROBE fsr3 +0x1a8 0x0000000000000000  u32(0,0) f32(0,0)
PROBE fsr3 +0x1b0 0x0000000000000000  u32(0,0) f32(0,0)
PROBE fsr3 +0x1b8 0x0000000000000000  u32(0,0) f32(0,0)
PROBE fsr3 +0x1c0 0x0000000000000000  u32(0,0) f32(0,0)
PROBE fsr3 +0x1c8 0x0000000000000000  u32(0,0) f32(0,0)
PROBE fsr3 +0x1d0 0x0000000000000000  u32(0,0) f32(0,0)
PROBE fsr3 +0x1d8 0x0000000000000000  u32(0,0) f32(0,0)
PROBE fsr3 +0x1e0 0x0000000000000000  u32(0,0) f32(0,0)
PROBE fsr3 +0x1e8 0x0000000000000000  u32(0,0) f32(0,0)
PROBE fsr3 +0x1f0 0x0000000000000000  u32(0,0) f32(0,0)
PROBE fsr3 +0x1f8 0x0000000000000000  u32(0,0) f32(0,0)
PROBE fsr3 +0x200 0x0000000000000000  u32(0,0) f32(0,0)
PROBE fsr3 +0x208 0x0000000000000000  u32(0,0) f32(0,0)
PROBE fsr3 +0x210 0x0000000000000000  u32(0,0) f32(0,0)
PROBE fsr3 +0x218 0x0000000000000000  u32(0,0) f32(0,0)
PROBE fsr3 +0x220 0x0000000000000000  u32(0,0) f32(0,0)
PROBE fsr3 +0x228 0x0000000000000000  u32(0,0) f32(0,0)
PROBE fsr3 +0x230 0x0000000000000000  u32(0,0) f32(0,0)
PROBE fsr3 +0x238 0x0000000000000000  u32(0,0) f32(0,0)
PROBE fsr3 +0x240 0x0000000000000000  u32(0,0) f32(0,0)
PROBE fsr3 +0x248 0x0000000000000000  u32(0,0) f32(0,0)
PROBE fsr3 +0x250 0x0000000000000000  u32(0,0) f32(0,0)
PROBE fsr3 +0x258 0x0000000000000000  u32(0,0) f32(0,0)
PROBE fsr3 +0x260 0x0000000000000000  u32(0,0) f32(0,0)
PROBE fsr3 +0x268 0x0000000000000000  u32(0,0) f32(0,0)
PROBE fsr3 +0x270 0x0000000000000000  u32(0,0) f32(0,0)
PROBE fsr3 +0x278 0x0000000000000000  u32(0,0) f32(0,0)
PROBE fsr3 +0x280 0x0000000000000000  u32(0,0) f32(0,0)
PROBE fsr3 +0x288 0x0000000000000000  u32(0,0) f32(0,0)
PROBE fsr3 +0x290 0x0000000000000000  u32(0,0) f32(0,0)
PROBE fsr3 +0x298 0x0000000000000000  u32(0,0) f32(0,0)
PROBE fsr3 +0x2a0 0x0000000000000000  u32(0,0) f32(0,0)
PROBE fsr3 +0x2a8 0x0000000000000000  u32(0,0) f32(0,0)
PROBE fsr3 +0x2b0 0x0000000000000000  u32(0,0) f32(0,0)
PROBE fsr3 +0x2b8 0x0000000000000000  u32(0,0) f32(0,0)
PROBE fsr3 +0x2c0 0x0000000000000000  u32(0,0) f32(0,0)
PROBE fsr3 +0x2c8 0x0000021709da8520  u32(165315872,535) f32(5.26068e-33,0)  <= D3D12 resource dim=3 1707x960 mips=1 fmt=61 flags=0x4
PROBE fsr3 +0x2d0 0x0000001500000002  u32(2,21) f32(0,0)
PROBE fsr3 +0x2d8 0x000003c0000006ab  u32(1707,960) f32(0,0)
PROBE fsr3 +0x2e0 0x0000000100000001  u32(1,1) f32(0,0)
PROBE fsr3 +0x2e8 0x0000000200000000  u32(0,2) f32(0,0)
PROBE fsr3 +0x2f0 0x000000000000000c  u32(12,0) f32(0,0)
PROBE fsr3 +0x2f8 0x0000000000000000  u32(0,0) f32(0,0)
PROBE ffxFsr3UpscalerContextDispatch call #2 ctx=00000208216503EC desc=000000C498AFEA50
PROBE fsr3 +0x000 0x000002176e9acca0  u32(1855638688,535) f32(2.3954e+28,0)
PROBE fsr3 +0x008 0x000002170a013420  u32(167851040,535) f32(6.22093e-33,0)  <= D3D12 resource dim=3 1707x960 mips=1 fmt=10 flags=0x5
PROBE fsr3 +0x010 0x0000000400000002  u32(2,4) f32(0,0)
PROBE fsr3 +0x018 0x000003c0000006ab  u32(1707,960) f32(0,0)
PROBE fsr3 +0x020 0x0000000100000001  u32(1,1) f32(0,0)
PROBE fsr3 +0x028 0x0000000300000000  u32(0,3) f32(0,0)
PROBE fsr3 +0x030 0x000000000000000c  u32(12,0) f32(0,0)
PROBE fsr3 +0x038 0x0000000000000000  u32(0,0) f32(0,0)
PROBE fsr3 +0x040 0x0000000000000000  u32(0,0) f32(0,0)
PROBE fsr3 +0x048 0x0000000000000000  u32(0,0) f32(0,0)
PROBE fsr3 +0x050 0x0000000000000000  u32(0,0) f32(0,0)
PROBE fsr3 +0x058 0x0000000000000000  u32(0,0) f32(0,0)
PROBE fsr3 +0x060 0x0000000000000000  u32(0,0) f32(0,0)
PROBE fsr3 +0x068 0x0000000000000000  u32(0,0) f32(0,0)
PROBE fsr3 +0x070 0x0000000000000000  u32(0,0) f32(0,0)
PROBE fsr3 +0x078 0x0000000000000000  u32(0,0) f32(0,0)
PROBE fsr3 +0x080 0x0000000000000000  u32(0,0) f32(0,0)
PROBE fsr3 +0x088 0x0000000000000000  u32(0,0) f32(0,0)
PROBE fsr3 +0x090 0x0000000000000000  u32(0,0) f32(0,0)
PROBE fsr3 +0x098 0x0000000000000000  u32(0,0) f32(0,0)
PROBE fsr3 +0x0a0 0x0000000000000000  u32(0,0) f32(0,0)
PROBE fsr3 +0x0a8 0x0000000000000000  u32(0,0) f32(0,0)
PROBE fsr3 +0x0b0 0x0000000000000000  u32(0,0) f32(0,0)
PROBE fsr3 +0x0b8 0x000002170a0418f0  u32(168040688,535) f32(6.36026e-33,0)  <= D3D12 resource dim=3 1707x960 mips=1 fmt=19 flags=0x2
PROBE fsr3 +0x0c0 0x0000001800000002  u32(2,24) f32(0,0)
PROBE fsr3 +0x0c8 0x000003c0000006ab  u32(1707,960) f32(0,0)
PROBE fsr3 +0x0d0 0x0000000100000001  u32(1,1) f32(0,0)
PROBE fsr3 +0x0d8 0x0000000400000000  u32(0,4) f32(0,0)
PROBE fsr3 +0x0e0 0x000000000000000c  u32(12,0) f32(0,0)
PROBE fsr3 +0x0e8 0x0000000000000000  u32(0,0) f32(0,0)
PROBE fsr3 +0x0f0 0x0000000000000000  u32(0,0) f32(0,0)
PROBE fsr3 +0x0f8 0x0000000000000000  u32(0,0) f32(0,0)
PROBE fsr3 +0x100 0x0000000000000000  u32(0,0) f32(0,0)
PROBE fsr3 +0x108 0x0000000000000000  u32(0,0) f32(0,0)
PROBE fsr3 +0x110 0x0000000000000000  u32(0,0) f32(0,0)
PROBE fsr3 +0x118 0x0000000000000000  u32(0,0) f32(0,0)
PROBE fsr3 +0x120 0x0000000000000000  u32(0,0) f32(0,0)
PROBE fsr3 +0x128 0x0000000000000000  u32(0,0) f32(0,0)
PROBE fsr3 +0x130 0x0000000000000000  u32(0,0) f32(0,0)
PROBE fsr3 +0x138 0x0000000000000000  u32(0,0) f32(0,0)
PROBE fsr3 +0x140 0x0000000000000000  u32(0,0) f32(0,0)
PROBE fsr3 +0x148 0x0000000000000000  u32(0,0) f32(0,0)
PROBE fsr3 +0x150 0x0000000000000000  u32(0,0) f32(0,0)
PROBE fsr3 +0x158 0x0000000000000000  u32(0,0) f32(0,0)
PROBE fsr3 +0x160 0x0000000000000000  u32(0,0) f32(0,0)
PROBE fsr3 +0x168 0x000002170a01afa0  u32(167882656,535) f32(6.24416e-33,0)  <= D3D12 resource dim=3 1707x960 mips=1 fmt=10 flags=0x1
PROBE fsr3 +0x170 0x0000000400000002  u32(2,4) f32(0,0)
PROBE fsr3 +0x178 0x000003c0000006ab  u32(1707,960) f32(0,0)
PROBE fsr3 +0x180 0x0000000100000001  u32(1,1) f32(0,0)
PROBE fsr3 +0x188 0x0000000100000000  u32(0,1) f32(0,0)
PROBE fsr3 +0x190 0x000000000000000c  u32(12,0) f32(0,0)
PROBE fsr3 +0x198 0x0000000000000000  u32(0,0) f32(0,0)
PROBE fsr3 +0x1a0 0x0000000000000000  u32(0,0) f32(0,0)
PROBE fsr3 +0x1a8 0x0000000000000000  u32(0,0) f32(0,0)
PROBE fsr3 +0x1b0 0x0000000000000000  u32(0,0) f32(0,0)
PROBE fsr3 +0x1b8 0x0000000000000000  u32(0,0) f32(0,0)
PROBE fsr3 +0x1c0 0x0000000000000000  u32(0,0) f32(0,0)
PROBE fsr3 +0x1c8 0x0000000000000000  u32(0,0) f32(0,0)
PROBE fsr3 +0x1d0 0x0000000000000000  u32(0,0) f32(0,0)
PROBE fsr3 +0x1d8 0x0000000000000000  u32(0,0) f32(0,0)
PROBE fsr3 +0x1e0 0x0000000000000000  u32(0,0) f32(0,0)
PROBE fsr3 +0x1e8 0x0000000000000000  u32(0,0) f32(0,0)
PROBE fsr3 +0x1f0 0x0000000000000000  u32(0,0) f32(0,0)
PROBE fsr3 +0x1f8 0x0000000000000000  u32(0,0) f32(0,0)
PROBE fsr3 +0x200 0x0000000000000000  u32(0,0) f32(0,0)
PROBE fsr3 +0x208 0x0000000000000000  u32(0,0) f32(0,0)
PROBE fsr3 +0x210 0x0000000000000000  u32(0,0) f32(0,0)
PROBE fsr3 +0x218 0x0000000000000000  u32(0,0) f32(0,0)
PROBE fsr3 +0x220 0x0000000000000000  u32(0,0) f32(0,0)
PROBE fsr3 +0x228 0x0000000000000000  u32(0,0) f32(0,0)
PROBE fsr3 +0x230 0x0000000000000000  u32(0,0) f32(0,0)
PROBE fsr3 +0x238 0x0000000000000000  u32(0,0) f32(0,0)
PROBE fsr3 +0x240 0x0000000000000000  u32(0,0) f32(0,0)
PROBE fsr3 +0x248 0x0000000000000000  u32(0,0) f32(0,0)
PROBE fsr3 +0x250 0x0000000000000000  u32(0,0) f32(0,0)
PROBE fsr3 +0x258 0x0000000000000000  u32(0,0) f32(0,0)
PROBE fsr3 +0x260 0x0000000000000000  u32(0,0) f32(0,0)
PROBE fsr3 +0x268 0x0000000000000000  u32(0,0) f32(0,0)
PROBE fsr3 +0x270 0x0000000000000000  u32(0,0) f32(0,0)
PROBE fsr3 +0x278 0x0000000000000000  u32(0,0) f32(0,0)
PROBE fsr3 +0x280 0x0000000000000000  u32(0,0) f32(0,0)
PROBE fsr3 +0x288 0x0000000000000000  u32(0,0) f32(0,0)
PROBE fsr3 +0x290 0x0000000000000000  u32(0,0) f32(0,0)
PROBE fsr3 +0x298 0x0000000000000000  u32(0,0) f32(0,0)
PROBE fsr3 +0x2a0 0x0000000000000000  u32(0,0) f32(0,0)
PROBE fsr3 +0x2a8 0x0000000000000000  u32(0,0) f32(0,0)
PROBE fsr3 +0x2b0 0x0000000000000000  u32(0,0) f32(0,0)
PROBE fsr3 +0x2b8 0x0000000000000000  u32(0,0) f32(0,0)
PROBE fsr3 +0x2c0 0x0000000000000000  u32(0,0) f32(0,0)
PROBE fsr3 +0x2c8 0x0000021709da8520  u32(165315872,535) f32(5.26068e-33,0)  <= D3D12 resource dim=3 1707x960 mips=1 fmt=61 flags=0x4
PROBE fsr3 +0x2d0 0x0000001500000002  u32(2,21) f32(0,0)
PROBE fsr3 +0x2d8 0x000003c0000006ab  u32(1707,960) f32(0,0)
PROBE fsr3 +0x2e0 0x0000000100000001  u32(1,1) f32(0,0)
PROBE fsr3 +0x2e8 0x0000000200000000  u32(0,2) f32(0,0)
PROBE fsr3 +0x2f0 0x000000000000000c  u32(12,0) f32(0,0)
PROBE fsr3 +0x2f8 0x0000000000000000  u32(0,0) f32(0,0)
PROBE ffxFsr3UpscalerContextDispatch call #3 ctx=00000208216503EC desc=000000C498FFEA10
PROBE fsr3 +0x000 0x000002176e9acca0  u32(1855638688,535) f32(2.3954e+28,0)
PROBE fsr3 +0x008 0x000002170a013420  u32(167851040,535) f32(6.22093e-33,0)  <= D3D12 resource dim=3 1707x960 mips=1 fmt=10 flags=0x5
PROBE fsr3 +0x010 0x0000000400000002  u32(2,4) f32(0,0)
PROBE fsr3 +0x018 0x000003c0000006ab  u32(1707,960) f32(0,0)
PROBE fsr3 +0x020 0x0000000100000001  u32(1,1) f32(0,0)
PROBE fsr3 +0x028 0x0000000300000000  u32(0,3) f32(0,0)
PROBE fsr3 +0x030 0x000000000000000c  u32(12,0) f32(0,0)
PROBE fsr3 +0x038 0x0000000000000000  u32(0,0) f32(0,0)
PROBE fsr3 +0x040 0x0000000000000000  u32(0,0) f32(0,0)
PROBE fsr3 +0x048 0x0000000000000000  u32(0,0) f32(0,0)
PROBE fsr3 +0x050 0x0000000000000000  u32(0,0) f32(0,0)
PROBE fsr3 +0x058 0x0000000000000000  u32(0,0) f32(0,0)
PROBE fsr3 +0x060 0x0000000000000000  u32(0,0) f32(0,0)
PROBE fsr3 +0x068 0x0000000000000000  u32(0,0) f32(0,0)
PROBE fsr3 +0x070 0x0000000000000000  u32(0,0) f32(0,0)
PROBE fsr3 +0x078 0x0000000000000000  u32(0,0) f32(0,0)
PROBE fsr3 +0x080 0x0000000000000000  u32(0,0) f32(0,0)
PROBE fsr3 +0x088 0x0000000000000000  u32(0,0) f32(0,0)
PROBE fsr3 +0x090 0x0000000000000000  u32(0,0) f32(0,0)
PROBE fsr3 +0x098 0x0000000000000000  u32(0,0) f32(0,0)
PROBE fsr3 +0x0a0 0x0000000000000000  u32(0,0) f32(0,0)
PROBE fsr3 +0x0a8 0x0000000000000000  u32(0,0) f32(0,0)
PROBE fsr3 +0x0b0 0x0000000000000000  u32(0,0) f32(0,0)
PROBE fsr3 +0x0b8 0x000002170a0418f0  u32(168040688,535) f32(6.36026e-33,0)  <= D3D12 resource dim=3 1707x960 mips=1 fmt=19 flags=0x2
PROBE fsr3 +0x0c0 0x0000001800000002  u32(2,24) f32(0,0)
PROBE fsr3 +0x0c8 0x000003c0000006ab  u32(1707,960) f32(0,0)
PROBE fsr3 +0x0d0 0x0000000100000001  u32(1,1) f32(0,0)
PROBE fsr3 +0x0d8 0x0000000400000000  u32(0,4) f32(0,0)
PROBE fsr3 +0x0e0 0x000000000000000c  u32(12,0) f32(0,0)
PROBE fsr3 +0x0e8 0x0000000000000000  u32(0,0) f32(0,0)
PROBE fsr3 +0x0f0 0x0000000000000000  u32(0,0) f32(0,0)
PROBE fsr3 +0x0f8 0x0000000000000000  u32(0,0) f32(0,0)
PROBE fsr3 +0x100 0x0000000000000000  u32(0,0) f32(0,0)
PROBE fsr3 +0x108 0x0000000000000000  u32(0,0) f32(0,0)
PROBE fsr3 +0x110 0x0000000000000000  u32(0,0) f32(0,0)
PROBE fsr3 +0x118 0x0000000000000000  u32(0,0) f32(0,0)
PROBE fsr3 +0x120 0x0000000000000000  u32(0,0) f32(0,0)
PROBE fsr3 +0x128 0x0000000000000000  u32(0,0) f32(0,0)
PROBE fsr3 +0x130 0x0000000000000000  u32(0,0) f32(0,0)
PROBE fsr3 +0x138 0x0000000000000000  u32(0,0) f32(0,0)
PROBE fsr3 +0x140 0x0000000000000000  u32(0,0) f32(0,0)
PROBE fsr3 +0x148 0x0000000000000000  u32(0,0) f32(0,0)
PROBE fsr3 +0x150 0x0000000000000000  u32(0,0) f32(0,0)
PROBE fsr3 +0x158 0x0000000000000000  u32(0,0) f32(0,0)
PROBE fsr3 +0x160 0x0000000000000000  u32(0,0) f32(0,0)
PROBE fsr3 +0x168 0x000002170a01afa0  u32(167882656,535) f32(6.24416e-33,0)  <= D3D12 resource dim=3 1707x960 mips=1 fmt=10 flags=0x1
PROBE fsr3 +0x170 0x0000000400000002  u32(2,4) f32(0,0)
PROBE fsr3 +0x178 0x000003c0000006ab  u32(1707,960) f32(0,0)
PROBE fsr3 +0x180 0x0000000100000001  u32(1,1) f32(0,0)
PROBE fsr3 +0x188 0x0000000100000000  u32(0,1) f32(0,0)
PROBE fsr3 +0x190 0x000000000000000c  u32(12,0) f32(0,0)
PROBE fsr3 +0x198 0x0000000000000000  u32(0,0) f32(0,0)
PROBE fsr3 +0x1a0 0x0000000000000000  u32(0,0) f32(0,0)
PROBE fsr3 +0x1a8 0x0000000000000000  u32(0,0) f32(0,0)
PROBE fsr3 +0x1b0 0x0000000000000000  u32(0,0) f32(0,0)
PROBE fsr3 +0x1b8 0x0000000000000000  u32(0,0) f32(0,0)
PROBE fsr3 +0x1c0 0x0000000000000000  u32(0,0) f32(0,0)
PROBE fsr3 +0x1c8 0x0000000000000000  u32(0,0) f32(0,0)
PROBE fsr3 +0x1d0 0x0000000000000000  u32(0,0) f32(0,0)
PROBE fsr3 +0x1d8 0x0000000000000000  u32(0,0) f32(0,0)
PROBE fsr3 +0x1e0 0x0000000000000000  u32(0,0) f32(0,0)
PROBE fsr3 +0x1e8 0x0000000000000000  u32(0,0) f32(0,0)
PROBE fsr3 +0x1f0 0x0000000000000000  u32(0,0) f32(0,0)
PROBE fsr3 +0x1f8 0x0000000000000000  u32(0,0) f32(0,0)
PROBE fsr3 +0x200 0x0000000000000000  u32(0,0) f32(0,0)
PROBE fsr3 +0x208 0x0000000000000000  u32(0,0) f32(0,0)
PROBE fsr3 +0x210 0x0000000000000000  u32(0,0) f32(0,0)
PROBE fsr3 +0x218 0x0000000000000000  u32(0,0) f32(0,0)
PROBE fsr3 +0x220 0x0000000000000000  u32(0,0) f32(0,0)
PROBE fsr3 +0x228 0x0000000000000000  u32(0,0) f32(0,0)
PROBE fsr3 +0x230 0x0000000000000000  u32(0,0) f32(0,0)
PROBE fsr3 +0x238 0x0000000000000000  u32(0,0) f32(0,0)
PROBE fsr3 +0x240 0x0000000000000000  u32(0,0) f32(0,0)
PROBE fsr3 +0x248 0x0000000000000000  u32(0,0) f32(0,0)
PROBE fsr3 +0x250 0x0000000000000000  u32(0,0) f32(0,0)
PROBE fsr3 +0x258 0x0000000000000000  u32(0,0) f32(0,0)
PROBE fsr3 +0x260 0x0000000000000000  u32(0,0) f32(0,0)
PROBE fsr3 +0x268 0x0000000000000000  u32(0,0) f32(0,0)
PROBE fsr3 +0x270 0x0000000000000000  u32(0,0) f32(0,0)
PROBE fsr3 +0x278 0x0000000000000000  u32(0,0) f32(0,0)
PROBE fsr3 +0x280 0x0000000000000000  u32(0,0) f32(0,0)
PROBE fsr3 +0x288 0x0000000000000000  u32(0,0) f32(0,0)
PROBE fsr3 +0x290 0x0000000000000000  u32(0,0) f32(0,0)
PROBE fsr3 +0x298 0x0000000000000000  u32(0,0) f32(0,0)
PROBE fsr3 +0x2a0 0x0000000000000000  u32(0,0) f32(0,0)
PROBE fsr3 +0x2a8 0x0000000000000000  u32(0,0) f32(0,0)
PROBE fsr3 +0x2b0 0x0000000000000000  u32(0,0) f32(0,0)
PROBE fsr3 +0x2b8 0x0000000000000000  u32(0,0) f32(0,0)
PROBE fsr3 +0x2c0 0x0000000000000000  u32(0,0) f32(0,0)
PROBE fsr3 +0x2c8 0x0000021709da8520  u32(165315872,535) f32(5.26068e-33,0)  <= D3D12 resource dim=3 1707x960 mips=1 fmt=61 flags=0x4
PROBE fsr3 +0x2d0 0x0000001500000002  u32(2,21) f32(0,0)
PROBE fsr3 +0x2d8 0x000003c0000006ab  u32(1707,960) f32(0,0)
PROBE fsr3 +0x2e0 0x0000000100000001  u32(1,1) f32(0,0)
PROBE fsr3 +0x2e8 0x0000000200000000  u32(0,2) f32(0,0)
PROBE fsr3 +0x2f0 0x000000000000000c  u32(12,0) f32(0,0)
PROBE fsr3 +0x2f8 0x0000000000000000  u32(0,0) f32(0,0)
PROBE ffxFsr3UpscalerContextDispatch calls=600
PROBE ffxFsr3UpscalerContextDispatch calls=1200
PROBE ffxFsr3UpscalerContextDispatch calls=1800
PROBE ffxFsr3UpscalerContextDispatch calls=2400
TIMING capture: prep=0.00 submit=1.68 gpu_queue_copy_wait+map=7.13 convert_rgb=7.67 write_file=2.42 TOTAL=18.91 ms (frame 2560x1440)
TIMING frame_interval_before_capture: n=255 avg=12.51 ms (79.9 fps) min=11.62 max=16.18
FRAME_CAPTURE_SAVED fence completed; PRESENT state restored
CAPTURE_RESULT hr=0x00000000
TIMING next_present_after_capture_start=27.50 ms (swap=0000021534EC9BB0)
PROBE ffxFsr3UpscalerContextDispatch calls=3000
PROBE ffxFsr3UpscalerContextDispatch calls=3600
