DXGI observation hooks active; neural rendering unavailable
QUEUE_CANDIDATE swap=0x1e872d59f20 candidate=0x1e8731f6400 source=CreateSwapChainForHwnd depth=1 accepted=1 ambiguous=0 execute_module=c:\program files (x86)\steam\steamapps\common\Cyberpunk 2077\bin\x64\D3D12\D3D12Core.dll
FRAME_METADATA swap=0x1e872d59f20 queue=0x1e8731f6400 device=0x1e872e18930 width=2560 height=1440 format=24 buffers=3 queue_type=0 valid_buffer=1
QUEUE_CANDIDATE swap=0x1e872d59f20 candidate=0x1e8bb5261a0 source=CreateSwapChainForHwnd depth=1 accepted=1 ambiguous=0 execute_module=c:\program files (x86)\steam\steamapps\common\Cyberpunk 2077\bin\x64\D3D12\D3D12Core.dll
FRAME_METADATA swap=0x1e872d59f20 queue=0x1e8bb5261a0 device=0x1e872e18930 width=2560 height=1440 format=24 buffers=3 queue_type=0 valid_buffer=1
PROBE hook ffxFsr3UpscalerContextDispatch status=0
PROBE hook ffxDispatch status=0
Observed Present; forwarding unchanged
PROBE ffxFsr3UpscalerContextDispatch call #1 ctx=000001DBA93803EC desc=000000C1FECFE480
PROBE fsr3 +0x000 0x000001ea88b3a0e0  u32(2293473504,490) f32(-1.0811e-33,0)
PROBE fsr3 +0x008 0x000001ea887573f0  u32(2289398768,490) f32(-7.38633e-34,0)  <= D3D12 resource dim=3 1707x960 mips=1 fmt=10 flags=0x5
PROBE fsr3 +0x010 0x0000000400000002  u32(2,4) f32(0,0)
PROBE fsr3 +0x018 0x000003c0000006ab  u32(1707,960) f32(0,0)
PROBE fsr3 +0x020 0x0000000100000001  u32(1,1) f32(0,0)
PROBE fsr3 +0x028 0x0000000300000000  u32(0,3) f32(0,0)
PROBE fsr3 +0x030 0x000000000000000c  u32(12,0) f32(0,0)
PROBE fsr3 +0x038 0x0000000000000000  u32(0,0) f32(0,0)
PROBE fsr3 +0x040 0x0000000000000000  u32(0,0) f32(0,0)
PROBE fsr3 +0x048 0x0000000000000000  u32(0,0) f32(0,0)
PROBE fsr3 +0x050 0x0000000000000000  u32(0,0) f32(0,0)
PROBE fsr3 +0x058 0x0000000000000000  u32(0,0) f32(0,0)
PROBE fsr3 +0x060 0x0000000000000000  u32(0,0) f32(0,0)
PROBE fsr3 +0x068 0x0000000000000000  u32(0,0) f32(0,0)
PROBE fsr3 +0x070 0x0000000000000000  u32(0,0) f32(0,0)
PROBE fsr3 +0x078 0x0000000000000000  u32(0,0) f32(0,0)
PROBE fsr3 +0x080 0x0000000000000000  u32(0,0) f32(0,0)
PROBE fsr3 +0x088 0x0000000000000000  u32(0,0) f32(0,0)
PROBE fsr3 +0x090 0x0000000000000000  u32(0,0) f32(0,0)
PROBE fsr3 +0x098 0x0000000000000000  u32(0,0) f32(0,0)
PROBE fsr3 +0x0a0 0x0000000000000000  u32(0,0) f32(0,0)
PROBE fsr3 +0x0a8 0x0000000000000000  u32(0,0) f32(0,0)
PROBE fsr3 +0x0b0 0x0000000000000000  u32(0,0) f32(0,0)
PROBE fsr3 +0x0b8 0x000001ea888fc5d0  u32(2291123664,490) f32(-8.653e-34,0)  <= D3D12 resource dim=3 1707x960 mips=1 fmt=19 flags=0x2
PROBE fsr3 +0x0c0 0x0000001800000002  u32(2,24) f32(0,0)
PROBE fsr3 +0x0c8 0x000003c0000006ab  u32(1707,960) f32(0,0)
PROBE fsr3 +0x0d0 0x0000000100000001  u32(1,1) f32(0,0)
PROBE fsr3 +0x0d8 0x0000000400000000  u32(0,4) f32(0,0)
PROBE fsr3 +0x0e0 0x000000000000000c  u32(12,0) f32(0,0)
PROBE fsr3 +0x0e8 0x0000000000000000  u32(0,0) f32(0,0)
PROBE fsr3 +0x0f0 0x0000000000000000  u32(0,0) f32(0,0)
PROBE fsr3 +0x0f8 0x0000000000000000  u32(0,0) f32(0,0)
PROBE fsr3 +0x100 0x0000000000000000  u32(0,0) f32(0,0)
PROBE fsr3 +0x108 0x0000000000000000  u32(0,0) f32(0,0)
PROBE fsr3 +0x110 0x0000000000000000  u32(0,0) f32(0,0)
PROBE fsr3 +0x118 0x0000000000000000  u32(0,0) f32(0,0)
PROBE fsr3 +0x120 0x0000000000000000  u32(0,0) f32(0,0)
PROBE fsr3 +0x128 0x0000000000000000  u32(0,0) f32(0,0)
PROBE fsr3 +0x130 0x0000000000000000  u32(0,0) f32(0,0)
PROBE fsr3 +0x138 0x0000000000000000  u32(0,0) f32(0,0)
PROBE fsr3 +0x140 0x0000000000000000  u32(0,0) f32(0,0)
PROBE fsr3 +0x148 0x0000000000000000  u32(0,0) f32(0,0)
PROBE fsr3 +0x150 0x0000000000000000  u32(0,0) f32(0,0)
PROBE fsr3 +0x158 0x0000000000000000  u32(0,0) f32(0,0)
PROBE fsr3 +0x160 0x0000000000000000  u32(0,0) f32(0,0)
PROBE fsr3 +0x168 0x000001ea889bb250  u32(2291905104,490) f32(-9.37064e-34,0)  <= D3D12 resource dim=3 1707x960 mips=1 fmt=10 flags=0x1
PROBE fsr3 +0x170 0x0000000400000002  u32(2,4) f32(0,0)
PROBE fsr3 +0x178 0x000003c0000006ab  u32(1707,960) f32(0,0)
PROBE fsr3 +0x180 0x0000000100000001  u32(1,1) f32(0,0)
PROBE fsr3 +0x188 0x0000000100000000  u32(0,1) f32(0,0)
PROBE fsr3 +0x190 0x000000000000000c  u32(12,0) f32(0,0)
PROBE fsr3 +0x198 0x0000000000000000  u32(0,0) f32(0,0)
PROBE fsr3 +0x1a0 0x0000000000000000  u32(0,0) f32(0,0)
PROBE fsr3 +0x1a8 0x0000000000000000  u32(0,0) f32(0,0)
PROBE fsr3 +0x1b0 0x0000000000000000  u32(0,0) f32(0,0)
PROBE fsr3 +0x1b8 0x0000000000000000  u32(0,0) f32(0,0)
PROBE fsr3 +0x1c0 0x0000000000000000  u32(0,0) f32(0,0)
PROBE fsr3 +0x1c8 0x0000000000000000  u32(0,0) f32(0,0)
PROBE fsr3 +0x1d0 0x0000000000000000  u32(0,0) f32(0,0)
PROBE fsr3 +0x1d8 0x0000000000000000  u32(0,0) f32(0,0)
PROBE fsr3 +0x1e0 0x0000000000000000  u32(0,0) f32(0,0)
PROBE fsr3 +0x1e8 0x0000000000000000  u32(0,0) f32(0,0)
PROBE fsr3 +0x1f0 0x0000000000000000  u32(0,0) f32(0,0)
PROBE fsr3 +0x1f8 0x0000000000000000  u32(0,0) f32(0,0)
PROBE fsr3 +0x200 0x0000000000000000  u32(0,0) f32(0,0)
PROBE fsr3 +0x208 0x0000000000000000  u32(0,0) f32(0,0)
PROBE fsr3 +0x210 0x0000000000000000  u32(0,0) f32(0,0)
PROBE fsr3 +0x218 0x0000000000000000  u32(0,0) f32(0,0)
PROBE fsr3 +0x220 0x0000000000000000  u32(0,0) f32(0,0)
PROBE fsr3 +0x228 0x0000000000000000  u32(0,0) f32(0,0)
PROBE fsr3 +0x230 0x0000000000000000  u32(0,0) f32(0,0)
PROBE fsr3 +0x238 0x0000000000000000  u32(0,0) f32(0,0)
PROBE fsr3 +0x240 0x0000000000000000  u32(0,0) f32(0,0)
PROBE fsr3 +0x248 0x0000000000000000  u32(0,0) f32(0,0)
PROBE fsr3 +0x250 0x0000000000000000  u32(0,0) f32(0,0)
PROBE fsr3 +0x258 0x0000000000000000  u32(0,0) f32(0,0)
PROBE fsr3 +0x260 0x0000000000000000  u32(0,0) f32(0,0)
PROBE fsr3 +0x268 0x0000000000000000  u32(0,0) f32(0,0)
PROBE fsr3 +0x270 0x0000000000000000  u32(0,0) f32(0,0)
PROBE fsr3 +0x278 0x0000000000000000  u32(0,0) f32(0,0)
PROBE fsr3 +0x280 0x0000000000000000  u32(0,0) f32(0,0)
PROBE fsr3 +0x288 0x0000000000000000  u32(0,0) f32(0,0)
PROBE fsr3 +0x290 0x0000000000000000  u32(0,0) f32(0,0)
PROBE fsr3 +0x298 0x0000000000000000  u32(0,0) f32(0,0)
PROBE fsr3 +0x2a0 0x0000000000000000  u32(0,0) f32(0,0)
PROBE fsr3 +0x2a8 0x0000000000000000  u32(0,0) f32(0,0)
PROBE fsr3 +0x2b0 0x0000000000000000  u32(0,0) f32(0,0)
PROBE fsr3 +0x2b8 0x0000000000000000  u32(0,0) f32(0,0)
PROBE fsr3 +0x2c0 0x0000000000000000  u32(0,0) f32(0,0)
PROBE fsr3 +0x2c8 0x000001ea888b3b80  u32(2290826112,490) f32(-8.37975e-34,0)  <= D3D12 resource dim=3 1707x960 mips=1 fmt=61 flags=0x4
PROBE fsr3 +0x2d0 0x0000001500000002  u32(2,21) f32(0,0)
PROBE fsr3 +0x2d8 0x000003c0000006ab  u32(1707,960) f32(0,0)
PROBE fsr3 +0x2e0 0x0000000100000001  u32(1,1) f32(0,0)
PROBE fsr3 +0x2e8 0x0000000200000000  u32(0,2) f32(0,0)
PROBE fsr3 +0x2f0 0x000000000000000c  u32(12,0) f32(0,0)
PROBE fsr3 +0x2f8 0x0000000000000000  u32(0,0) f32(0,0)
PROBE fsr3 +0x300 0x0000000000000000  u32(0,0) f32(0,0)
PROBE fsr3 +0x308 0x0000000000000000  u32(0,0) f32(0,0)
PROBE fsr3 +0x310 0x0000000000000000  u32(0,0) f32(0,0)
PROBE fsr3 +0x318 0x0000000000000000  u32(0,0) f32(0,0)
PROBE fsr3 +0x320 0x0000000000000000  u32(0,0) f32(0,0)
PROBE fsr3 +0x328 0x0000000000000000  u32(0,0) f32(0,0)
PROBE fsr3 +0x330 0x0000000000000000  u32(0,0) f32(0,0)
PROBE fsr3 +0x338 0x0000000000000000  u32(0,0) f32(0,0)
PROBE fsr3 +0x340 0x0000000000000000  u32(0,0) f32(0,0)
PROBE fsr3 +0x348 0x0000000000000000  u32(0,0) f32(0,0)
PROBE fsr3 +0x350 0x0000000000000000  u32(0,0) f32(0,0)
PROBE fsr3 +0x358 0x0000000000000000  u32(0,0) f32(0,0)
PROBE fsr3 +0x360 0x0000000000000000  u32(0,0) f32(0,0)
PROBE fsr3 +0x368 0x0000000000000000  u32(0,0) f32(0,0)
PROBE fsr3 +0x370 0x0000000000000000  u32(0,0) f32(0,0)
PROBE fsr3 +0x378 0x0000000000000000  u32(0,0) f32(0,0)
PROBE fsr3 +0x380 0x0000000000000000  u32(0,0) f32(0,0)
PROBE fsr3 +0x388 0x0000000000000000  u32(0,0) f32(0,0)
PROBE fsr3 +0x390 0x0000000000000000  u32(0,0) f32(0,0)
PROBE fsr3 +0x398 0x0000000000000000  u32(0,0) f32(0,0)
PROBE fsr3 +0x3a0 0x0000000000000000  u32(0,0) f32(0,0)
PROBE fsr3 +0x3a8 0x0000000000000000  u32(0,0) f32(0,0)
PROBE fsr3 +0x3b0 0x0000000000000000  u32(0,0) f32(0,0)
PROBE fsr3 +0x3b8 0x0000000000000000  u32(0,0) f32(0,0)
PROBE fsr3 +0x3c0 0x0000000000000000  u32(0,0) f32(0,0)
PROBE fsr3 +0x3c8 0x0000000000000000  u32(0,0) f32(0,0)
PROBE fsr3 +0x3d0 0x0000000000000000  u32(0,0) f32(0,0)
PROBE fsr3 +0x3d8 0x0000000000000000  u32(0,0) f32(0,0)
PROBE fsr3 +0x3e0 0x0000000000000000  u32(0,0) f32(0,0)
PROBE fsr3 +0x3e8 0x0000000000000000  u32(0,0) f32(0,0)
PROBE fsr3 +0x3f0 0x0000000000000000  u32(0,0) f32(0,0)
PROBE fsr3 +0x3f8 0x0000000000000000  u32(0,0) f32(0,0)
PROBE fsr3 +0x400 0x0000000000000000  u32(0,0) f32(0,0)
PROBE fsr3 +0x408 0x0000000000000000  u32(0,0) f32(0,0)
PROBE fsr3 +0x410 0x0000000000000000  u32(0,0) f32(0,0)
PROBE fsr3 +0x418 0x0000000000000000  u32(0,0) f32(0,0)
PROBE fsr3 +0x420 0x0000000000000000  u32(0,0) f32(0,0)
PROBE fsr3 +0x428 0x000001e8c33e04b0  u32(3275621552,488) f32(-190.018,0)  <= D3D12 resource dim=3 1707x960 mips=1 fmt=41 flags=0x5
PROBE fsr3 +0x430 0x0000001800000002  u32(2,24) f32(0,0)
PROBE fsr3 +0x438 0x000003c0000006ab  u32(1707,960) f32(0,0)
PROBE fsr3 +0x440 0x0000000100000001  u32(1,1) f32(0,0)
PROBE fsr3 +0x448 0x0000000300000001  u32(1,3) f32(0,0)
PROBE fsr3 +0x450 0x0000000000000002  u32(2,0) f32(0,0)
PROBE fsr3 +0x458 0x0000000000000000  u32(0,0) f32(0,0)
PROBE fsr3 +0x460 0x0000000000000000  u32(0,0) f32(0,0)
PROBE fsr3 +0x468 0x0000000000000000  u32(0,0) f32(0,0)
PROBE fsr3 +0x470 0x0000000000000000  u32(0,0) f32(0,0)
PROBE fsr3 +0x478 0x0000000000000000  u32(0,0) f32(0,0)
PROBE fsr3 +0x480 0x0000000000000000  u32(0,0) f32(0,0)
PROBE fsr3 +0x488 0x0000000000000000  u32(0,0) f32(0,0)
PROBE fsr3 +0x490 0x0000000000000000  u32(0,0) f32(0,0)
PROBE fsr3 +0x498 0x0000000000000000  u32(0,0) f32(0,0)
PROBE fsr3 +0x4a0 0x0000000000000000  u32(0,0) f32(0,0)
PROBE fsr3 +0x4a8 0x0000000000000000  u32(0,0) f32(0,0)
PROBE fsr3 +0x4b0 0x0000000000000000  u32(0,0) f32(0,0)
PROBE fsr3 +0x4b8 0x0000000000000000  u32(0,0) f32(0,0)
PROBE fsr3 +0x4c0 0x0000000000000000  u32(0,0) f32(0,0)
PROBE fsr3 +0x4c8 0x0000000000000000  u32(0,0) f32(0,0)
PROBE fsr3 +0x4d0 0x0000000000000000  u32(0,0) f32(0,0)
PROBE fsr3 +0x4d8 0x000001e8c33d6a40  u32(3275582016,488) f32(-189.415,0)  <= D3D12 resource dim=3 1707x960 mips=1 fmt=34 flags=0x5
PROBE fsr3 +0x4e0 0x0000000e00000002  u32(2,14) f32(0,0)
PROBE fsr3 +0x4e8 0x000003c0000006ab  u32(1707,960) f32(0,0)
PROBE fsr3 +0x4f0 0x0000000100000001  u32(1,1) f32(0,0)
PROBE fsr3 +0x4f8 0x0000000300000001  u32(1,3) f32(0,0)
PROBE fsr3 +0x500 0x0000000000000002  u32(2,0) f32(0,0)
PROBE fsr3 +0x508 0x0000000000000000  u32(0,0) f32(0,0)
PROBE fsr3 +0x510 0x0000000000000000  u32(0,0) f32(0,0)
PROBE fsr3 +0x518 0x0000000000000000  u32(0,0) f32(0,0)
PROBE fsr3 +0x520 0x0000000000000000  u32(0,0) f32(0,0)
PROBE fsr3 +0x528 0x0000000000000000  u32(0,0) f32(0,0)
PROBE fsr3 +0x530 0x0000000000000000  u32(0,0) f32(0,0)
PROBE fsr3 +0x538 0x0000000000000000  u32(0,0) f32(0,0)
PROBE fsr3 +0x540 0x0000000000000000  u32(0,0) f32(0,0)
PROBE fsr3 +0x548 0x0000000000000000  u32(0,0) f32(0,0)
PROBE fsr3 +0x550 0x0000000000000000  u32(0,0) f32(0,0)
PROBE fsr3 +0x558 0x0000000000000000  u32(0,0) f32(0,0)
PROBE fsr3 +0x560 0x0000000000000000  u32(0,0) f32(0,0)
PROBE fsr3 +0x568 0x0000000000000000  u32(0,0) f32(0,0)
PROBE fsr3 +0x570 0x0000000000000000  u32(0,0) f32(0,0)
PROBE fsr3 +0x578 0x0000000000000000  u32(0,0) f32(0,0)
PROBE fsr3 +0x580 0x0000000000000000  u32(0,0) f32(0,0)
PROBE fsr3 +0x588 0x000001e8c33e1ac0  u32(3275627200,488) f32(-190.104,0)  <= D3D12 resource dim=3 1707x960 mips=1 fmt=42 flags=0x4
PROBE fsr3 +0x590 0x0000000700000002  u32(2,7) f32(0,0)
PROBE fsr3 +0x598 0x000003c0000006ab  u32(1707,960) f32(0,0)
PROBE fsr3 +0x5a0 0x0000000100000001  u32(1,1) f32(0,0)
PROBE fsr3 +0x5a8 0x0000000200000001  u32(1,2) f32(0,0)
PROBE fsr3 +0x5b0 0x0000000000000002  u32(2,0) f32(0,0)
PROBE fsr3 +0x5b8 0x0000000000000000  u32(0,0) f32(0,0)
PROBE fsr3 +0x5c0 0x0000000000000000  u32(0,0) f32(0,0)
PROBE fsr3 +0x5c8 0x0000000000000000  u32(0,0) f32(0,0)
PROBE fsr3 +0x5d0 0x0000000000000000  u32(0,0) f32(0,0)
PROBE fsr3 +0x5d8 0x0000000000000000  u32(0,0) f32(0,0)
PROBE fsr3 +0x5e0 0x0000000000000000  u32(0,0) f32(0,0)
PROBE fsr3 +0x5e8 0x0000000000000000  u32(0,0) f32(0,0)
PROBE fsr3 +0x5f0 0x0000000000000000  u32(0,0) f32(0,0)
PROBE fsr3 +0x5f8 0x0000000000000000  u32(0,0) f32(0,0)
PROBE fsr3 +0x600 0x0000000000000000  u32(0,0) f32(0,0)
PROBE fsr3 +0x608 0x0000000000000000  u32(0,0) f32(0,0)
PROBE fsr3 +0x610 0x0000000000000000  u32(0,0) f32(0,0)
PROBE fsr3 +0x618 0x0000000000000000  u32(0,0) f32(0,0)
PROBE fsr3 +0x620 0x0000000000000000  u32(0,0) f32(0,0)
PROBE fsr3 +0x628 0x0000000000000000  u32(0,0) f32(0,0)
PROBE fsr3 +0x630 0x0000000000000000  u32(0,0) f32(0,0)
PROBE fsr3 +0x638 0x000001ea8875b620  u32(2289415712,490) f32(-7.39411e-34,0)  <= D3D12 resource dim=3 2560x1440 mips=1 fmt=10 flags=0x5
PROBE fsr3 +0x640 0x0000000400000002  u32(2,4) f32(0,0)
PROBE fsr3 +0x648 0x000005a000000a00  u32(2560,1440) f32(0,0)
PROBE fsr3 +0x650 0x0000000100000001  u32(1,1) f32(0,0)
PROBE fsr3 +0x658 0x0000000300000000  u32(0,3) f32(0,0)
PROBE fsr3 +0x660 0x0000000000000002  u32(2,0) f32(0,0)
PROBE fsr3 +0x668 0x0000000000000000  u32(0,0) f32(0,0)
PROBE fsr3 +0x670 0x0000000000000000  u32(0,0) f32(0,0)
PROBE fsr3 +0x678 0x0000000000000000  u32(0,0) f32(0,0)
PROBE fsr3 +0x680 0x0000000000000000  u32(0,0) f32(0,0)
PROBE fsr3 +0x688 0x0000000000000000  u32(0,0) f32(0,0)
PROBE fsr3 +0x690 0x0000000000000000  u32(0,0) f32(0,0)
PROBE fsr3 +0x698 0x0000000000000000  u32(0,0) f32(0,0)
PROBE fsr3 +0x6a0 0x0000000000000000  u32(0,0) f32(0,0)
PROBE fsr3 +0x6a8 0x0000000000000000  u32(0,0) f32(0,0)
PROBE fsr3 +0x6b0 0x0000000000000000  u32(0,0) f32(0,0)
PROBE fsr3 +0x6b8 0x0000000000000000  u32(0,0) f32(0,0)
PROBE fsr3 +0x6c0 0x0000000000000000  u32(0,0) f32(0,0)
PROBE fsr3 +0x6c8 0x0000000000000000  u32(0,0) f32(0,0)
PROBE fsr3 +0x6d0 0x0000000000000000  u32(0,0) f32(0,0)
PROBE fsr3 +0x6d8 0x0000000000000000  u32(0,0) f32(0,0)
PROBE fsr3 +0x6e0 0x0000000000000000  u32(0,0) f32(0,0)
PROBE fsr3 +0x6e8 0xbe2aaaacbe800000  u32(3196059648,3190467244) f32(-0.25,-0.166667)
PROBE fsr3 +0x6f0 0x4470000044d56000  u32(1154834432,1148190720) f32(1707,960)
PROBE fsr3 +0x6f8 0x000003c0000006ab  u32(1707,960) f32(0,0)
PROBE ffxFsr3UpscalerContextDispatch call #2 ctx=000001DBA93803EC desc=000000C1FF4FE970
PROBE fsr3 +0x000 0x000001eaeb443c30  u32(3947117616,490) f32(-2.37234e+26,0)
PROBE fsr3 +0x008 0x000001ea887573f0  u32(2289398768,490) f32(-7.38633e-34,0)  <= D3D12 resource dim=3 1707x960 mips=1 fmt=10 flags=0x5
PROBE fsr3 +0x010 0x0000000400000002  u32(2,4) f32(0,0)
PROBE fsr3 +0x018 0x000003c0000006ab  u32(1707,960) f32(0,0)
PROBE fsr3 +0x020 0x0000000100000001  u32(1,1) f32(0,0)
PROBE fsr3 +0x028 0x0000000300000000  u32(0,3) f32(0,0)
PROBE fsr3 +0x030 0x000000000000000c  u32(12,0) f32(0,0)
PROBE fsr3 +0x038 0x0000000000000000  u32(0,0) f32(0,0)
PROBE fsr3 +0x040 0x0000000000000000  u32(0,0) f32(0,0)
PROBE fsr3 +0x048 0x0000000000000000  u32(0,0) f32(0,0)
PROBE fsr3 +0x050 0x0000000000000000  u32(0,0) f32(0,0)
PROBE fsr3 +0x058 0x0000000000000000  u32(0,0) f32(0,0)
PROBE fsr3 +0x060 0x0000000000000000  u32(0,0) f32(0,0)
PROBE fsr3 +0x068 0x0000000000000000  u32(0,0) f32(0,0)
PROBE fsr3 +0x070 0x0000000000000000  u32(0,0) f32(0,0)
PROBE fsr3 +0x078 0x0000000000000000  u32(0,0) f32(0,0)
PROBE fsr3 +0x080 0x0000000000000000  u32(0,0) f32(0,0)
PROBE fsr3 +0x088 0x0000000000000000  u32(0,0) f32(0,0)
PROBE fsr3 +0x090 0x0000000000000000  u32(0,0) f32(0,0)
PROBE fsr3 +0x098 0x0000000000000000  u32(0,0) f32(0,0)
PROBE fsr3 +0x0a0 0x0000000000000000  u32(0,0) f32(0,0)
PROBE fsr3 +0x0a8 0x0000000000000000  u32(0,0) f32(0,0)
PROBE fsr3 +0x0b0 0x0000000000000000  u32(0,0) f32(0,0)
PROBE fsr3 +0x0b8 0x000001ea888fc5d0  u32(2291123664,490) f32(-8.653e-34,0)  <= D3D12 resource dim=3 1707x960 mips=1 fmt=19 flags=0x2
PROBE fsr3 +0x0c0 0x0000001800000002  u32(2,24) f32(0,0)
PROBE fsr3 +0x0c8 0x000003c0000006ab  u32(1707,960) f32(0,0)
PROBE fsr3 +0x0d0 0x0000000100000001  u32(1,1) f32(0,0)
PROBE fsr3 +0x0d8 0x0000000400000000  u32(0,4) f32(0,0)
PROBE fsr3 +0x0e0 0x000000000000000c  u32(12,0) f32(0,0)
PROBE fsr3 +0x0e8 0x0000000000000000  u32(0,0) f32(0,0)
PROBE fsr3 +0x0f0 0x0000000000000000  u32(0,0) f32(0,0)
PROBE fsr3 +0x0f8 0x0000000000000000  u32(0,0) f32(0,0)
PROBE fsr3 +0x100 0x0000000000000000  u32(0,0) f32(0,0)
PROBE fsr3 +0x108 0x0000000000000000  u32(0,0) f32(0,0)
PROBE fsr3 +0x110 0x0000000000000000  u32(0,0) f32(0,0)
PROBE fsr3 +0x118 0x0000000000000000  u32(0,0) f32(0,0)
PROBE fsr3 +0x120 0x0000000000000000  u32(0,0) f32(0,0)
PROBE fsr3 +0x128 0x0000000000000000  u32(0,0) f32(0,0)
PROBE fsr3 +0x130 0x0000000000000000  u32(0,0) f32(0,0)
PROBE fsr3 +0x138 0x0000000000000000  u32(0,0) f32(0,0)
PROBE fsr3 +0x140 0x0000000000000000  u32(0,0) f32(0,0)
PROBE fsr3 +0x148 0x0000000000000000  u32(0,0) f32(0,0)
PROBE fsr3 +0x150 0x0000000000000000  u32(0,0) f32(0,0)
PROBE fsr3 +0x158 0x0000000000000000  u32(0,0) f32(0,0)
PROBE fsr3 +0x160 0x0000000000000000  u32(0,0) f32(0,0)
PROBE fsr3 +0x168 0x000001ea889bb250  u32(2291905104,490) f32(-9.37064e-34,0)  <= D3D12 resource dim=3 1707x960 mips=1 fmt=10 flags=0x1
PROBE fsr3 +0x170 0x0000000400000002  u32(2,4) f32(0,0)
PROBE fsr3 +0x178 0x000003c0000006ab  u32(1707,960) f32(0,0)
PROBE fsr3 +0x180 0x0000000100000001  u32(1,1) f32(0,0)
PROBE fsr3 +0x188 0x0000000100000000  u32(0,1) f32(0,0)
PROBE fsr3 +0x190 0x000000000000000c  u32(12,0) f32(0,0)
PROBE fsr3 +0x198 0x0000000000000000  u32(0,0) f32(0,0)
PROBE fsr3 +0x1a0 0x0000000000000000  u32(0,0) f32(0,0)
PROBE fsr3 +0x1a8 0x0000000000000000  u32(0,0) f32(0,0)
PROBE fsr3 +0x1b0 0x0000000000000000  u32(0,0) f32(0,0)
PROBE fsr3 +0x1b8 0x0000000000000000  u32(0,0) f32(0,0)
PROBE fsr3 +0x1c0 0x0000000000000000  u32(0,0) f32(0,0)
PROBE fsr3 +0x1c8 0x0000000000000000  u32(0,0) f32(0,0)
PROBE fsr3 +0x1d0 0x0000000000000000  u32(0,0) f32(0,0)
PROBE fsr3 +0x1d8 0x0000000000000000  u32(0,0) f32(0,0)
PROBE fsr3 +0x1e0 0x0000000000000000  u32(0,0) f32(0,0)
PROBE fsr3 +0x1e8 0x0000000000000000  u32(0,0) f32(0,0)
PROBE fsr3 +0x1f0 0x0000000000000000  u32(0,0) f32(0,0)
PROBE fsr3 +0x1f8 0x0000000000000000  u32(0,0) f32(0,0)
PROBE fsr3 +0x200 0x0000000000000000  u32(0,0) f32(0,0)
PROBE fsr3 +0x208 0x0000000000000000  u32(0,0) f32(0,0)
PROBE fsr3 +0x210 0x0000000000000000  u32(0,0) f32(0,0)
PROBE fsr3 +0x218 0x0000000000000000  u32(0,0) f32(0,0)
PROBE fsr3 +0x220 0x0000000000000000  u32(0,0) f32(0,0)
PROBE fsr3 +0x228 0x0000000000000000  u32(0,0) f32(0,0)
PROBE fsr3 +0x230 0x0000000000000000  u32(0,0) f32(0,0)
PROBE fsr3 +0x238 0x0000000000000000  u32(0,0) f32(0,0)
PROBE fsr3 +0x240 0x0000000000000000  u32(0,0) f32(0,0)
PROBE fsr3 +0x248 0x0000000000000000  u32(0,0) f32(0,0)
PROBE fsr3 +0x250 0x0000000000000000  u32(0,0) f32(0,0)
PROBE fsr3 +0x258 0x0000000000000000  u32(0,0) f32(0,0)
PROBE fsr3 +0x260 0x0000000000000000  u32(0,0) f32(0,0)
PROBE fsr3 +0x268 0x0000000000000000  u32(0,0) f32(0,0)
PROBE fsr3 +0x270 0x0000000000000000  u32(0,0) f32(0,0)
PROBE fsr3 +0x278 0x0000000000000000  u32(0,0) f32(0,0)
PROBE fsr3 +0x280 0x0000000000000000  u32(0,0) f32(0,0)
PROBE fsr3 +0x288 0x0000000000000000  u32(0,0) f32(0,0)
PROBE fsr3 +0x290 0x0000000000000000  u32(0,0) f32(0,0)
PROBE fsr3 +0x298 0x0000000000000000  u32(0,0) f32(0,0)
PROBE fsr3 +0x2a0 0x0000000000000000  u32(0,0) f32(0,0)
PROBE fsr3 +0x2a8 0x0000000000000000  u32(0,0) f32(0,0)
PROBE fsr3 +0x2b0 0x0000000000000000  u32(0,0) f32(0,0)
PROBE fsr3 +0x2b8 0x0000000000000000  u32(0,0) f32(0,0)
PROBE fsr3 +0x2c0 0x0000000000000000  u32(0,0) f32(0,0)
PROBE fsr3 +0x2c8 0x000001ea888b3b80  u32(2290826112,490) f32(-8.37975e-34,0)  <= D3D12 resource dim=3 1707x960 mips=1 fmt=61 flags=0x4
PROBE fsr3 +0x2d0 0x0000001500000002  u32(2,21) f32(0,0)
PROBE fsr3 +0x2d8 0x000003c0000006ab  u32(1707,960) f32(0,0)
PROBE fsr3 +0x2e0 0x0000000100000001  u32(1,1) f32(0,0)
PROBE fsr3 +0x2e8 0x0000000200000000  u32(0,2) f32(0,0)
PROBE fsr3 +0x2f0 0x000000000000000c  u32(12,0) f32(0,0)
PROBE fsr3 +0x2f8 0x0000000000000000  u32(0,0) f32(0,0)
PROBE fsr3 +0x300 0x0000000000000000  u32(0,0) f32(0,0)
PROBE fsr3 +0x308 0x0000000000000000  u32(0,0) f32(0,0)
PROBE fsr3 +0x310 0x0000000000000000  u32(0,0) f32(0,0)
PROBE fsr3 +0x318 0x0000000000000000  u32(0,0) f32(0,0)
PROBE fsr3 +0x320 0x0000000000000000  u32(0,0) f32(0,0)
PROBE fsr3 +0x328 0x0000000000000000  u32(0,0) f32(0,0)
PROBE fsr3 +0x330 0x0000000000000000  u32(0,0) f32(0,0)
PROBE fsr3 +0x338 0x0000000000000000  u32(0,0) f32(0,0)
PROBE fsr3 +0x340 0x0000000000000000  u32(0,0) f32(0,0)
PROBE fsr3 +0x348 0x0000000000000000  u32(0,0) f32(0,0)
PROBE fsr3 +0x350 0x0000000000000000  u32(0,0) f32(0,0)
PROBE fsr3 +0x358 0x0000000000000000  u32(0,0) f32(0,0)
PROBE fsr3 +0x360 0x0000000000000000  u32(0,0) f32(0,0)
PROBE fsr3 +0x368 0x0000000000000000  u32(0,0) f32(0,0)
PROBE fsr3 +0x370 0x0000000000000000  u32(0,0) f32(0,0)
PROBE fsr3 +0x378 0x0000000000000000  u32(0,0) f32(0,0)
PROBE fsr3 +0x380 0x0000000000000000  u32(0,0) f32(0,0)
PROBE fsr3 +0x388 0x0000000000000000  u32(0,0) f32(0,0)
PROBE fsr3 +0x390 0x0000000000000000  u32(0,0) f32(0,0)
PROBE fsr3 +0x398 0x0000000000000000  u32(0,0) f32(0,0)
PROBE fsr3 +0x3a0 0x0000000000000000  u32(0,0) f32(0,0)
PROBE fsr3 +0x3a8 0x0000000000000000  u32(0,0) f32(0,0)
PROBE fsr3 +0x3b0 0x0000000000000000  u32(0,0) f32(0,0)
PROBE fsr3 +0x3b8 0x0000000000000000  u32(0,0) f32(0,0)
PROBE fsr3 +0x3c0 0x0000000000000000  u32(0,0) f32(0,0)
PROBE fsr3 +0x3c8 0x0000000000000000  u32(0,0) f32(0,0)
PROBE fsr3 +0x3d0 0x0000000000000000  u32(0,0) f32(0,0)
PROBE fsr3 +0x3d8 0x0000000000000000  u32(0,0) f32(0,0)
PROBE fsr3 +0x3e0 0x0000000000000000  u32(0,0) f32(0,0)
PROBE fsr3 +0x3e8 0x0000000000000000  u32(0,0) f32(0,0)
PROBE fsr3 +0x3f0 0x0000000000000000  u32(0,0) f32(0,0)
PROBE fsr3 +0x3f8 0x0000000000000000  u32(0,0) f32(0,0)
PROBE fsr3 +0x400 0x0000000000000000  u32(0,0) f32(0,0)
PROBE fsr3 +0x408 0x0000000000000000  u32(0,0) f32(0,0)
PROBE fsr3 +0x410 0x0000000000000000  u32(0,0) f32(0,0)
PROBE fsr3 +0x418 0x0000000000000000  u32(0,0) f32(0,0)
PROBE fsr3 +0x420 0x0000000000000000  u32(0,0) f32(0,0)
PROBE fsr3 +0x428 0x000001e8c33d8050  u32(3275587664,488) f32(-189.501,0)  <= D3D12 resource dim=3 1707x960 mips=1 fmt=41 flags=0x5
PROBE fsr3 +0x430 0x0000001800000002  u32(2,24) f32(0,0)
PROBE fsr3 +0x438 0x000003c0000006ab  u32(1707,960) f32(0,0)
PROBE fsr3 +0x440 0x0000000100000001  u32(1,1) f32(0,0)
PROBE fsr3 +0x448 0x0000000300000001  u32(1,3) f32(0,0)
PROBE fsr3 +0x450 0x0000000000000002  u32(2,0) f32(0,0)
PROBE fsr3 +0x458 0x0000000000000000  u32(0,0) f32(0,0)
PROBE fsr3 +0x460 0x0000000000000000  u32(0,0) f32(0,0)
PROBE fsr3 +0x468 0x0000000000000000  u32(0,0) f32(0,0)
PROBE fsr3 +0x470 0x0000000000000000  u32(0,0) f32(0,0)
PROBE fsr3 +0x478 0x0000000000000000  u32(0,0) f32(0,0)
PROBE fsr3 +0x480 0x0000000000000000  u32(0,0) f32(0,0)
PROBE fsr3 +0x488 0x0000000000000000  u32(0,0) f32(0,0)
PROBE fsr3 +0x490 0x0000000000000000  u32(0,0) f32(0,0)
PROBE fsr3 +0x498 0x0000000000000000  u32(0,0) f32(0,0)
PROBE fsr3 +0x4a0 0x0000000000000000  u32(0,0) f32(0,0)
PROBE fsr3 +0x4a8 0x0000000000000000  u32(0,0) f32(0,0)
PROBE fsr3 +0x4b0 0x0000000000000000  u32(0,0) f32(0,0)
PROBE fsr3 +0x4b8 0x0000000000000000  u32(0,0) f32(0,0)
PROBE fsr3 +0x4c0 0x0000000000000000  u32(0,0) f32(0,0)
PROBE fsr3 +0x4c8 0x0000000000000000  u32(0,0) f32(0,0)
PROBE fsr3 +0x4d0 0x0000000000000000  u32(0,0) f32(0,0)
PROBE fsr3 +0x4d8 0x000001e8c33e46e0  u32(3275638496,488) f32(-190.277,0)  <= D3D12 resource dim=3 1707x960 mips=1 fmt=34 flags=0x5
PROBE fsr3 +0x4e0 0x0000000e00000002  u32(2,14) f32(0,0)
PROBE fsr3 +0x4e8 0x000003c0000006ab  u32(1707,960) f32(0,0)
PROBE fsr3 +0x4f0 0x0000000100000001  u32(1,1) f32(0,0)
PROBE fsr3 +0x4f8 0x0000000300000001  u32(1,3) f32(0,0)
PROBE fsr3 +0x500 0x0000000000000002  u32(2,0) f32(0,0)
PROBE fsr3 +0x508 0x0000000000000000  u32(0,0) f32(0,0)
PROBE fsr3 +0x510 0x0000000000000000  u32(0,0) f32(0,0)
PROBE fsr3 +0x518 0x0000000000000000  u32(0,0) f32(0,0)
PROBE fsr3 +0x520 0x0000000000000000  u32(0,0) f32(0,0)
PROBE fsr3 +0x528 0x0000000000000000  u32(0,0) f32(0,0)
PROBE fsr3 +0x530 0x0000000000000000  u32(0,0) f32(0,0)
PROBE fsr3 +0x538 0x0000000000000000  u32(0,0) f32(0,0)
PROBE fsr3 +0x540 0x0000000000000000  u32(0,0) f32(0,0)
PROBE fsr3 +0x548 0x0000000000000000  u32(0,0) f32(0,0)
PROBE fsr3 +0x550 0x0000000000000000  u32(0,0) f32(0,0)
PROBE fsr3 +0x558 0x0000000000000000  u32(0,0) f32(0,0)
PROBE fsr3 +0x560 0x0000000000000000  u32(0,0) f32(0,0)
PROBE fsr3 +0x568 0x0000000000000000  u32(0,0) f32(0,0)
PROBE fsr3 +0x570 0x0000000000000000  u32(0,0) f32(0,0)
PROBE fsr3 +0x578 0x0000000000000000  u32(0,0) f32(0,0)
PROBE fsr3 +0x580 0x0000000000000000  u32(0,0) f32(0,0)
PROBE fsr3 +0x588 0x000001e8c33e30d0  u32(3275632848,488) f32(-190.191,0)  <= D3D12 resource dim=3 1707x960 mips=1 fmt=42 flags=0x4
PROBE fsr3 +0x590 0x0000000700000002  u32(2,7) f32(0,0)
PROBE fsr3 +0x598 0x000003c0000006ab  u32(1707,960) f32(0,0)
PROBE fsr3 +0x5a0 0x0000000100000001  u32(1,1) f32(0,0)
PROBE fsr3 +0x5a8 0x0000000200000001  u32(1,2) f32(0,0)
PROBE fsr3 +0x5b0 0x0000000000000002  u32(2,0) f32(0,0)
PROBE fsr3 +0x5b8 0x0000000000000000  u32(0,0) f32(0,0)
PROBE fsr3 +0x5c0 0x0000000000000000  u32(0,0) f32(0,0)
PROBE fsr3 +0x5c8 0x0000000000000000  u32(0,0) f32(0,0)
PROBE fsr3 +0x5d0 0x0000000000000000  u32(0,0) f32(0,0)
PROBE fsr3 +0x5d8 0x0000000000000000  u32(0,0) f32(0,0)
PROBE fsr3 +0x5e0 0x0000000000000000  u32(0,0) f32(0,0)
PROBE fsr3 +0x5e8 0x0000000000000000  u32(0,0) f32(0,0)
PROBE fsr3 +0x5f0 0x0000000000000000  u32(0,0) f32(0,0)
PROBE fsr3 +0x5f8 0x0000000000000000  u32(0,0) f32(0,0)
PROBE fsr3 +0x600 0x0000000000000000  u32(0,0) f32(0,0)
PROBE fsr3 +0x608 0x0000000000000000  u32(0,0) f32(0,0)
PROBE fsr3 +0x610 0x0000000000000000  u32(0,0) f32(0,0)
PROBE fsr3 +0x618 0x0000000000000000  u32(0,0) f32(0,0)
PROBE fsr3 +0x620 0x0000000000000000  u32(0,0) f32(0,0)
PROBE fsr3 +0x628 0x0000000000000000  u32(0,0) f32(0,0)
PROBE fsr3 +0x630 0x0000000000000000  u32(0,0) f32(0,0)
PROBE fsr3 +0x638 0x000001ea8875b620  u32(2289415712,490) f32(-7.39411e-34,0)  <= D3D12 resource dim=3 2560x1440 mips=1 fmt=10 flags=0x5
PROBE fsr3 +0x640 0x0000000400000002  u32(2,4) f32(0,0)
PROBE fsr3 +0x648 0x000005a000000a00  u32(2560,1440) f32(0,0)
PROBE fsr3 +0x650 0x0000000100000001  u32(1,1) f32(0,0)
PROBE fsr3 +0x658 0x0000000300000000  u32(0,3) f32(0,0)
PROBE fsr3 +0x660 0x0000000000000002  u32(2,0) f32(0,0)
PROBE fsr3 +0x668 0x0000000000000000  u32(0,0) f32(0,0)
PROBE fsr3 +0x670 0x0000000000000000  u32(0,0) f32(0,0)
PROBE fsr3 +0x678 0x0000000000000000  u32(0,0) f32(0,0)
PROBE fsr3 +0x680 0x0000000000000000  u32(0,0) f32(0,0)
PROBE fsr3 +0x688 0x0000000000000000  u32(0,0) f32(0,0)
PROBE fsr3 +0x690 0x0000000000000000  u32(0,0) f32(0,0)
PROBE fsr3 +0x698 0x0000000000000000  u32(0,0) f32(0,0)
PROBE fsr3 +0x6a0 0x0000000000000000  u32(0,0) f32(0,0)
PROBE fsr3 +0x6a8 0x0000000000000000  u32(0,0) f32(0,0)
PROBE fsr3 +0x6b0 0x0000000000000000  u32(0,0) f32(0,0)
PROBE fsr3 +0x6b8 0x0000000000000000  u32(0,0) f32(0,0)
PROBE fsr3 +0x6c0 0x0000000000000000  u32(0,0) f32(0,0)
PROBE fsr3 +0x6c8 0x0000000000000000  u32(0,0) f32(0,0)
PROBE fsr3 +0x6d0 0x0000000000000000  u32(0,0) f32(0,0)
PROBE fsr3 +0x6d8 0x0000000000000000  u32(0,0) f32(0,0)
PROBE fsr3 +0x6e0 0x0000000000000000  u32(0,0) f32(0,0)
PROBE fsr3 +0x6e8 0x3ec71c723e800000  u32(1048576000,1053236338) f32(0.25,0.388889)
PROBE fsr3 +0x6f0 0x4470000044d56000  u32(1154834432,1148190720) f32(1707,960)
PROBE fsr3 +0x6f8 0x000003c0000006ab  u32(1707,960) f32(0,0)
PROBE ffxFsr3UpscalerContextDispatch call #3 ctx=000001DBA93803EC desc=000000C1FF5FE7A0
PROBE fsr3 +0x000 0x000001eaeb443c30  u32(3947117616,490) f32(-2.37234e+26,0)
PROBE fsr3 +0x008 0x000001ea887573f0  u32(2289398768,490) f32(-7.38633e-34,0)  <= D3D12 resource dim=3 1707x960 mips=1 fmt=10 flags=0x5
PROBE fsr3 +0x010 0x0000000400000002  u32(2,4) f32(0,0)
PROBE fsr3 +0x018 0x000003c0000006ab  u32(1707,960) f32(0,0)
PROBE fsr3 +0x020 0x0000000100000001  u32(1,1) f32(0,0)
PROBE fsr3 +0x028 0x0000000300000000  u32(0,3) f32(0,0)
PROBE fsr3 +0x030 0x000000000000000c  u32(12,0) f32(0,0)
PROBE fsr3 +0x038 0x0000000000000000  u32(0,0) f32(0,0)
PROBE fsr3 +0x040 0x0000000000000000  u32(0,0) f32(0,0)
PROBE fsr3 +0x048 0x0000000000000000  u32(0,0) f32(0,0)
PROBE fsr3 +0x050 0x0000000000000000  u32(0,0) f32(0,0)
PROBE fsr3 +0x058 0x0000000000000000  u32(0,0) f32(0,0)
PROBE fsr3 +0x060 0x0000000000000000  u32(0,0) f32(0,0)
PROBE fsr3 +0x068 0x0000000000000000  u32(0,0) f32(0,0)
PROBE fsr3 +0x070 0x0000000000000000  u32(0,0) f32(0,0)
PROBE fsr3 +0x078 0x0000000000000000  u32(0,0) f32(0,0)
PROBE fsr3 +0x080 0x0000000000000000  u32(0,0) f32(0,0)
PROBE fsr3 +0x088 0x0000000000000000  u32(0,0) f32(0,0)
PROBE fsr3 +0x090 0x0000000000000000  u32(0,0) f32(0,0)
PROBE fsr3 +0x098 0x0000000000000000  u32(0,0) f32(0,0)
PROBE fsr3 +0x0a0 0x0000000000000000  u32(0,0) f32(0,0)
PROBE fsr3 +0x0a8 0x0000000000000000  u32(0,0) f32(0,0)
PROBE fsr3 +0x0b0 0x0000000000000000  u32(0,0) f32(0,0)
PROBE fsr3 +0x0b8 0x000001ea888fc5d0  u32(2291123664,490) f32(-8.653e-34,0)  <= D3D12 resource dim=3 1707x960 mips=1 fmt=19 flags=0x2
PROBE fsr3 +0x0c0 0x0000001800000002  u32(2,24) f32(0,0)
PROBE fsr3 +0x0c8 0x000003c0000006ab  u32(1707,960) f32(0,0)
PROBE fsr3 +0x0d0 0x0000000100000001  u32(1,1) f32(0,0)
PROBE fsr3 +0x0d8 0x0000000400000000  u32(0,4) f32(0,0)
PROBE fsr3 +0x0e0 0x000000000000000c  u32(12,0) f32(0,0)
PROBE fsr3 +0x0e8 0x0000000000000000  u32(0,0) f32(0,0)
PROBE fsr3 +0x0f0 0x0000000000000000  u32(0,0) f32(0,0)
PROBE fsr3 +0x0f8 0x0000000000000000  u32(0,0) f32(0,0)
PROBE fsr3 +0x100 0x0000000000000000  u32(0,0) f32(0,0)
PROBE fsr3 +0x108 0x0000000000000000  u32(0,0) f32(0,0)
PROBE fsr3 +0x110 0x0000000000000000  u32(0,0) f32(0,0)
PROBE fsr3 +0x118 0x0000000000000000  u32(0,0) f32(0,0)
PROBE fsr3 +0x120 0x0000000000000000  u32(0,0) f32(0,0)
PROBE fsr3 +0x128 0x0000000000000000  u32(0,0) f32(0,0)
PROBE fsr3 +0x130 0x0000000000000000  u32(0,0) f32(0,0)
PROBE fsr3 +0x138 0x0000000000000000  u32(0,0) f32(0,0)
PROBE fsr3 +0x140 0x0000000000000000  u32(0,0) f32(0,0)
PROBE fsr3 +0x148 0x0000000000000000  u32(0,0) f32(0,0)
PROBE fsr3 +0x150 0x0000000000000000  u32(0,0) f32(0,0)
PROBE fsr3 +0x158 0x0000000000000000  u32(0,0) f32(0,0)
PROBE fsr3 +0x160 0x0000000000000000  u32(0,0) f32(0,0)
PROBE fsr3 +0x168 0x000001ea889bb250  u32(2291905104,490) f32(-9.37064e-34,0)  <= D3D12 resource dim=3 1707x960 mips=1 fmt=10 flags=0x1
PROBE fsr3 +0x170 0x0000000400000002  u32(2,4) f32(0,0)
PROBE fsr3 +0x178 0x000003c0000006ab  u32(1707,960) f32(0,0)
PROBE fsr3 +0x180 0x0000000100000001  u32(1,1) f32(0,0)
PROBE fsr3 +0x188 0x0000000100000000  u32(0,1) f32(0,0)
PROBE fsr3 +0x190 0x000000000000000c  u32(12,0) f32(0,0)
PROBE fsr3 +0x198 0x0000000000000000  u32(0,0) f32(0,0)
PROBE fsr3 +0x1a0 0x0000000000000000  u32(0,0) f32(0,0)
PROBE fsr3 +0x1a8 0x0000000000000000  u32(0,0) f32(0,0)
PROBE fsr3 +0x1b0 0x0000000000000000  u32(0,0) f32(0,0)
PROBE fsr3 +0x1b8 0x0000000000000000  u32(0,0) f32(0,0)
PROBE fsr3 +0x1c0 0x0000000000000000  u32(0,0) f32(0,0)
PROBE fsr3 +0x1c8 0x0000000000000000  u32(0,0) f32(0,0)
PROBE fsr3 +0x1d0 0x0000000000000000  u32(0,0) f32(0,0)
PROBE fsr3 +0x1d8 0x0000000000000000  u32(0,0) f32(0,0)
PROBE fsr3 +0x1e0 0x0000000000000000  u32(0,0) f32(0,0)
PROBE fsr3 +0x1e8 0x0000000000000000  u32(0,0) f32(0,0)
PROBE fsr3 +0x1f0 0x0000000000000000  u32(0,0) f32(0,0)
PROBE fsr3 +0x1f8 0x0000000000000000  u32(0,0) f32(0,0)
PROBE fsr3 +0x200 0x0000000000000000  u32(0,0) f32(0,0)
PROBE fsr3 +0x208 0x0000000000000000  u32(0,0) f32(0,0)
PROBE fsr3 +0x210 0x0000000000000000  u32(0,0) f32(0,0)
PROBE fsr3 +0x218 0x0000000000000000  u32(0,0) f32(0,0)
PROBE fsr3 +0x220 0x0000000000000000  u32(0,0) f32(0,0)
PROBE fsr3 +0x228 0x0000000000000000  u32(0,0) f32(0,0)
PROBE fsr3 +0x230 0x0000000000000000  u32(0,0) f32(0,0)
PROBE fsr3 +0x238 0x0000000000000000  u32(0,0) f32(0,0)
PROBE fsr3 +0x240 0x0000000000000000  u32(0,0) f32(0,0)
PROBE fsr3 +0x248 0x0000000000000000  u32(0,0) f32(0,0)
PROBE fsr3 +0x250 0x0000000000000000  u32(0,0) f32(0,0)
PROBE fsr3 +0x258 0x0000000000000000  u32(0,0) f32(0,0)
PROBE fsr3 +0x260 0x0000000000000000  u32(0,0) f32(0,0)
PROBE fsr3 +0x268 0x0000000000000000  u32(0,0) f32(0,0)
PROBE fsr3 +0x270 0x0000000000000000  u32(0,0) f32(0,0)
PROBE fsr3 +0x278 0x0000000000000000  u32(0,0) f32(0,0)
PROBE fsr3 +0x280 0x0000000000000000  u32(0,0) f32(0,0)
PROBE fsr3 +0x288 0x0000000000000000  u32(0,0) f32(0,0)
PROBE fsr3 +0x290 0x0000000000000000  u32(0,0) f32(0,0)
PROBE fsr3 +0x298 0x0000000000000000  u32(0,0) f32(0,0)
PROBE fsr3 +0x2a0 0x0000000000000000  u32(0,0) f32(0,0)
PROBE fsr3 +0x2a8 0x0000000000000000  u32(0,0) f32(0,0)
PROBE fsr3 +0x2b0 0x0000000000000000  u32(0,0) f32(0,0)
PROBE fsr3 +0x2b8 0x0000000000000000  u32(0,0) f32(0,0)
PROBE fsr3 +0x2c0 0x0000000000000000  u32(0,0) f32(0,0)
PROBE fsr3 +0x2c8 0x000001ea888b3b80  u32(2290826112,490) f32(-8.37975e-34,0)  <= D3D12 resource dim=3 1707x960 mips=1 fmt=61 flags=0x4
PROBE fsr3 +0x2d0 0x0000001500000002  u32(2,21) f32(0,0)
PROBE fsr3 +0x2d8 0x000003c0000006ab  u32(1707,960) f32(0,0)
PROBE fsr3 +0x2e0 0x0000000100000001  u32(1,1) f32(0,0)
PROBE fsr3 +0x2e8 0x0000000200000000  u32(0,2) f32(0,0)
PROBE fsr3 +0x2f0 0x000000000000000c  u32(12,0) f32(0,0)
PROBE fsr3 +0x2f8 0x0000000000000000  u32(0,0) f32(0,0)
PROBE fsr3 +0x300 0x0000000000000000  u32(0,0) f32(0,0)
PROBE fsr3 +0x308 0x0000000000000000  u32(0,0) f32(0,0)
PROBE fsr3 +0x310 0x0000000000000000  u32(0,0) f32(0,0)
PROBE fsr3 +0x318 0x0000000000000000  u32(0,0) f32(0,0)
PROBE fsr3 +0x320 0x0000000000000000  u32(0,0) f32(0,0)
PROBE fsr3 +0x328 0x0000000000000000  u32(0,0) f32(0,0)
PROBE fsr3 +0x330 0x0000000000000000  u32(0,0) f32(0,0)
PROBE fsr3 +0x338 0x0000000000000000  u32(0,0) f32(0,0)
PROBE fsr3 +0x340 0x0000000000000000  u32(0,0) f32(0,0)
PROBE fsr3 +0x348 0x0000000000000000  u32(0,0) f32(0,0)
PROBE fsr3 +0x350 0x0000000000000000  u32(0,0) f32(0,0)
PROBE fsr3 +0x358 0x0000000000000000  u32(0,0) f32(0,0)
PROBE fsr3 +0x360 0x0000000000000000  u32(0,0) f32(0,0)
PROBE fsr3 +0x368 0x0000000000000000  u32(0,0) f32(0,0)
PROBE fsr3 +0x370 0x0000000000000000  u32(0,0) f32(0,0)
PROBE fsr3 +0x378 0x0000000000000000  u32(0,0) f32(0,0)
PROBE fsr3 +0x380 0x0000000000000000  u32(0,0) f32(0,0)
PROBE fsr3 +0x388 0x0000000000000000  u32(0,0) f32(0,0)
PROBE fsr3 +0x390 0x0000000000000000  u32(0,0) f32(0,0)
PROBE fsr3 +0x398 0x0000000000000000  u32(0,0) f32(0,0)
PROBE fsr3 +0x3a0 0x0000000000000000  u32(0,0) f32(0,0)
PROBE fsr3 +0x3a8 0x0000000000000000  u32(0,0) f32(0,0)
PROBE fsr3 +0x3b0 0x0000000000000000  u32(0,0) f32(0,0)
PROBE fsr3 +0x3b8 0x0000000000000000  u32(0,0) f32(0,0)
PROBE fsr3 +0x3c0 0x0000000000000000  u32(0,0) f32(0,0)
PROBE fsr3 +0x3c8 0x0000000000000000  u32(0,0) f32(0,0)
PROBE fsr3 +0x3d0 0x0000000000000000  u32(0,0) f32(0,0)
PROBE fsr3 +0x3d8 0x0000000000000000  u32(0,0) f32(0,0)
PROBE fsr3 +0x3e0 0x0000000000000000  u32(0,0) f32(0,0)
PROBE fsr3 +0x3e8 0x0000000000000000  u32(0,0) f32(0,0)
PROBE fsr3 +0x3f0 0x0000000000000000  u32(0,0) f32(0,0)
PROBE fsr3 +0x3f8 0x0000000000000000  u32(0,0) f32(0,0)
PROBE fsr3 +0x400 0x0000000000000000  u32(0,0) f32(0,0)
PROBE fsr3 +0x408 0x0000000000000000  u32(0,0) f32(0,0)
PROBE fsr3 +0x410 0x0000000000000000  u32(0,0) f32(0,0)
PROBE fsr3 +0x418 0x0000000000000000  u32(0,0) f32(0,0)
PROBE fsr3 +0x420 0x0000000000000000  u32(0,0) f32(0,0)
PROBE fsr3 +0x428 0x000001e8c33e04b0  u32(3275621552,488) f32(-190.018,0)  <= D3D12 resource dim=3 1707x960 mips=1 fmt=41 flags=0x5
PROBE fsr3 +0x430 0x0000001800000002  u32(2,24) f32(0,0)
PROBE fsr3 +0x438 0x000003c0000006ab  u32(1707,960) f32(0,0)
PROBE fsr3 +0x440 0x0000000100000001  u32(1,1) f32(0,0)
PROBE fsr3 +0x448 0x0000000300000001  u32(1,3) f32(0,0)
PROBE fsr3 +0x450 0x0000000000000002  u32(2,0) f32(0,0)
PROBE fsr3 +0x458 0x0000000000000000  u32(0,0) f32(0,0)
PROBE fsr3 +0x460 0x0000000000000000  u32(0,0) f32(0,0)
PROBE fsr3 +0x468 0x0000000000000000  u32(0,0) f32(0,0)
PROBE fsr3 +0x470 0x0000000000000000  u32(0,0) f32(0,0)
PROBE fsr3 +0x478 0x0000000000000000  u32(0,0) f32(0,0)
PROBE fsr3 +0x480 0x0000000000000000  u32(0,0) f32(0,0)
PROBE fsr3 +0x488 0x0000000000000000  u32(0,0) f32(0,0)
PROBE fsr3 +0x490 0x0000000000000000  u32(0,0) f32(0,0)
PROBE fsr3 +0x498 0x0000000000000000  u32(0,0) f32(0,0)
PROBE fsr3 +0x4a0 0x0000000000000000  u32(0,0) f32(0,0)
PROBE fsr3 +0x4a8 0x0000000000000000  u32(0,0) f32(0,0)
PROBE fsr3 +0x4b0 0x0000000000000000  u32(0,0) f32(0,0)
PROBE fsr3 +0x4b8 0x0000000000000000  u32(0,0) f32(0,0)
PROBE fsr3 +0x4c0 0x0000000000000000  u32(0,0) f32(0,0)
PROBE fsr3 +0x4c8 0x0000000000000000  u32(0,0) f32(0,0)
PROBE fsr3 +0x4d0 0x0000000000000000  u32(0,0) f32(0,0)
PROBE fsr3 +0x4d8 0x000001e8c33d6a40  u32(3275582016,488) f32(-189.415,0)  <= D3D12 resource dim=3 1707x960 mips=1 fmt=34 flags=0x5
PROBE fsr3 +0x4e0 0x0000000e00000002  u32(2,14) f32(0,0)
PROBE fsr3 +0x4e8 0x000003c0000006ab  u32(1707,960) f32(0,0)
PROBE fsr3 +0x4f0 0x0000000100000001  u32(1,1) f32(0,0)
PROBE fsr3 +0x4f8 0x0000000300000001  u32(1,3) f32(0,0)
PROBE fsr3 +0x500 0x0000000000000002  u32(2,0) f32(0,0)
PROBE fsr3 +0x508 0x0000000000000000  u32(0,0) f32(0,0)
PROBE fsr3 +0x510 0x0000000000000000  u32(0,0) f32(0,0)
PROBE fsr3 +0x518 0x0000000000000000  u32(0,0) f32(0,0)
PROBE fsr3 +0x520 0x0000000000000000  u32(0,0) f32(0,0)
PROBE fsr3 +0x528 0x0000000000000000  u32(0,0) f32(0,0)
PROBE fsr3 +0x530 0x0000000000000000  u32(0,0) f32(0,0)
PROBE fsr3 +0x538 0x0000000000000000  u32(0,0) f32(0,0)
PROBE fsr3 +0x540 0x0000000000000000  u32(0,0) f32(0,0)
PROBE fsr3 +0x548 0x0000000000000000  u32(0,0) f32(0,0)
PROBE fsr3 +0x550 0x0000000000000000  u32(0,0) f32(0,0)
PROBE fsr3 +0x558 0x0000000000000000  u32(0,0) f32(0,0)
PROBE fsr3 +0x560 0x0000000000000000  u32(0,0) f32(0,0)
PROBE fsr3 +0x568 0x0000000000000000  u32(0,0) f32(0,0)
PROBE fsr3 +0x570 0x0000000000000000  u32(0,0) f32(0,0)
PROBE fsr3 +0x578 0x0000000000000000  u32(0,0) f32(0,0)
PROBE fsr3 +0x580 0x0000000000000000  u32(0,0) f32(0,0)
PROBE fsr3 +0x588 0x000001e8c33e1ac0  u32(3275627200,488) f32(-190.104,0)  <= D3D12 resource dim=3 1707x960 mips=1 fmt=42 flags=0x4
PROBE fsr3 +0x590 0x0000000700000002  u32(2,7) f32(0,0)
PROBE fsr3 +0x598 0x000003c0000006ab  u32(1707,960) f32(0,0)
PROBE fsr3 +0x5a0 0x0000000100000001  u32(1,1) f32(0,0)
PROBE fsr3 +0x5a8 0x0000000200000001  u32(1,2) f32(0,0)
PROBE fsr3 +0x5b0 0x0000000000000002  u32(2,0) f32(0,0)
PROBE fsr3 +0x5b8 0x0000000000000000  u32(0,0) f32(0,0)
PROBE fsr3 +0x5c0 0x0000000000000000  u32(0,0) f32(0,0)
PROBE fsr3 +0x5c8 0x0000000000000000  u32(0,0) f32(0,0)
PROBE fsr3 +0x5d0 0x0000000000000000  u32(0,0) f32(0,0)
PROBE fsr3 +0x5d8 0x0000000000000000  u32(0,0) f32(0,0)
PROBE fsr3 +0x5e0 0x0000000000000000  u32(0,0) f32(0,0)
PROBE fsr3 +0x5e8 0x0000000000000000  u32(0,0) f32(0,0)
PROBE fsr3 +0x5f0 0x0000000000000000  u32(0,0) f32(0,0)
PROBE fsr3 +0x5f8 0x0000000000000000  u32(0,0) f32(0,0)
PROBE fsr3 +0x600 0x0000000000000000  u32(0,0) f32(0,0)
PROBE fsr3 +0x608 0x0000000000000000  u32(0,0) f32(0,0)
PROBE fsr3 +0x610 0x0000000000000000  u32(0,0) f32(0,0)
PROBE fsr3 +0x618 0x0000000000000000  u32(0,0) f32(0,0)
PROBE fsr3 +0x620 0x0000000000000000  u32(0,0) f32(0,0)
PROBE fsr3 +0x628 0x0000000000000000  u32(0,0) f32(0,0)
PROBE fsr3 +0x630 0x0000000000000000  u32(0,0) f32(0,0)
PROBE fsr3 +0x638 0x000001ea8875b620  u32(2289415712,490) f32(-7.39411e-34,0)  <= D3D12 resource dim=3 2560x1440 mips=1 fmt=10 flags=0x5
PROBE fsr3 +0x640 0x0000000400000002  u32(2,4) f32(0,0)
PROBE fsr3 +0x648 0x000005a000000a00  u32(2560,1440) f32(0,0)
PROBE fsr3 +0x650 0x0000000100000001  u32(1,1) f32(0,0)
PROBE fsr3 +0x658 0x0000000300000000  u32(0,3) f32(0,0)
PROBE fsr3 +0x660 0x0000000000000002  u32(2,0) f32(0,0)
PROBE fsr3 +0x668 0x0000000000000000  u32(0,0) f32(0,0)
PROBE fsr3 +0x670 0x0000000000000000  u32(0,0) f32(0,0)
PROBE fsr3 +0x678 0x0000000000000000  u32(0,0) f32(0,0)
PROBE fsr3 +0x680 0x0000000000000000  u32(0,0) f32(0,0)
PROBE fsr3 +0x688 0x0000000000000000  u32(0,0) f32(0,0)
PROBE fsr3 +0x690 0x0000000000000000  u32(0,0) f32(0,0)
PROBE fsr3 +0x698 0x0000000000000000  u32(0,0) f32(0,0)
PROBE fsr3 +0x6a0 0x0000000000000000  u32(0,0) f32(0,0)
PROBE fsr3 +0x6a8 0x0000000000000000  u32(0,0) f32(0,0)
PROBE fsr3 +0x6b0 0x0000000000000000  u32(0,0) f32(0,0)
PROBE fsr3 +0x6b8 0x0000000000000000  u32(0,0) f32(0,0)
PROBE fsr3 +0x6c0 0x0000000000000000  u32(0,0) f32(0,0)
PROBE fsr3 +0x6c8 0x0000000000000000  u32(0,0) f32(0,0)
PROBE fsr3 +0x6d0 0x0000000000000000  u32(0,0) f32(0,0)
PROBE fsr3 +0x6d8 0x0000000000000000  u32(0,0) f32(0,0)
PROBE fsr3 +0x6e0 0x0000000000000000  u32(0,0) f32(0,0)
PROBE fsr3 +0x6e8 0x3d638e38bec00000  u32(3200253952,1029934648) f32(-0.375,0.0555556)
PROBE fsr3 +0x6f0 0x4470000044d56000  u32(1154834432,1148190720) f32(1707,960)
PROBE fsr3 +0x6f8 0x000003c0000006ab  u32(1707,960) f32(0,0)
PROBE ffxFsr3UpscalerContextDispatch calls=600
PROBE ffxFsr3UpscalerContextDispatch calls=1200
PROBE ffxFsr3UpscalerContextDispatch calls=1800
PROBE ffxFsr3UpscalerContextDispatch calls=2400
PROBE ffxFsr3UpscalerContextDispatch calls=3000
TIMING capture: prep=0.00 submit=1.96 gpu_queue_copy_wait+map=5.77 convert_rgb=8.33 write_file=2.55 TOTAL=18.60 ms (frame 2560x1440)
TIMING frame_interval_before_capture: n=255 avg=12.42 ms (80.5 fps) min=11.68 max=15.69
FRAME_CAPTURE_SAVED fence completed; PRESENT state restored
CAPTURE_RESULT hr=0x00000000
TIMING next_present_after_capture_start=20.68 ms (swap=000001E872D59F20)
PROBE ffxFsr3UpscalerContextDispatch calls=3600
PROBE ffxFsr3UpscalerContextDispatch calls=4200
